
Circuit 1 cell sg13_hv_pmos and Circuit 2 cell sg13_hv_pmos are black boxes.
Warning: Equate pins:  cell sg13_hv_pmos is a placeholder, treated as a black box.
Warning: Equate pins:  cell sg13_hv_pmos is a placeholder, treated as a black box.

Subcircuit pins:
Circuit 1: sg13_hv_pmos                    |Circuit 2: sg13_hv_pmos                    
-------------------------------------------|-------------------------------------------
1                                          |1                                          
2                                          |2                                          
3                                          |3                                          
4                                          |4                                          
---------------------------------------------------------------------------------------
Cell pin lists are equivalent.
Device classes sg13_hv_pmos and sg13_hv_pmos are equivalent.

Circuit 1 cell sg13_hv_nmos and Circuit 2 cell sg13_hv_nmos are black boxes.
Warning: Equate pins:  cell sg13_hv_nmos is a placeholder, treated as a black box.
Warning: Equate pins:  cell sg13_hv_nmos is a placeholder, treated as a black box.

Subcircuit pins:
Circuit 1: sg13_hv_nmos                    |Circuit 2: sg13_hv_nmos                    
-------------------------------------------|-------------------------------------------
1                                          |1                                          
2                                          |2                                          
3                                          |3                                          
4                                          |4                                          
---------------------------------------------------------------------------------------
Cell pin lists are equivalent.
Device classes sg13_hv_nmos and sg13_hv_nmos are equivalent.

Circuit 1 cell dpantenna and Circuit 2 cell dpantenna are black boxes.
Warning: Equate pins:  cell dpantenna is a placeholder, treated as a black box.
Warning: Equate pins:  cell dpantenna is a placeholder, treated as a black box.

Subcircuit pins:
Circuit 1: dpantenna                       |Circuit 2: dpantenna                       
-------------------------------------------|-------------------------------------------
1                                          |1                                          
2                                          |2                                          
---------------------------------------------------------------------------------------
Cell pin lists are equivalent.
Device classes dpantenna and dpantenna are equivalent.

Circuit 1 cell dantenna and Circuit 2 cell dantenna are black boxes.
Warning: Equate pins:  cell dantenna is a placeholder, treated as a black box.
Warning: Equate pins:  cell dantenna is a placeholder, treated as a black box.

Subcircuit pins:
Circuit 1: dantenna                        |Circuit 2: dantenna                        
-------------------------------------------|-------------------------------------------
1                                          |1                                          
2                                          |2                                          
---------------------------------------------------------------------------------------
Cell pin lists are equivalent.
Device classes dantenna and dantenna are equivalent.

Circuit 1 cell sg13_lv_pmos and Circuit 2 cell sg13_lv_pmos are black boxes.
Warning: Equate pins:  cell sg13_lv_pmos is a placeholder, treated as a black box.
Warning: Equate pins:  cell sg13_lv_pmos is a placeholder, treated as a black box.

Subcircuit pins:
Circuit 1: sg13_lv_pmos                    |Circuit 2: sg13_lv_pmos                    
-------------------------------------------|-------------------------------------------
1                                          |1                                          
2                                          |2                                          
3                                          |3                                          
4                                          |4                                          
---------------------------------------------------------------------------------------
Cell pin lists are equivalent.
Device classes sg13_lv_pmos and sg13_lv_pmos are equivalent.

Circuit 1 cell sg13_lv_nmos and Circuit 2 cell sg13_lv_nmos are black boxes.
Warning: Equate pins:  cell sg13_lv_nmos is a placeholder, treated as a black box.
Warning: Equate pins:  cell sg13_lv_nmos is a placeholder, treated as a black box.

Subcircuit pins:
Circuit 1: sg13_lv_nmos                    |Circuit 2: sg13_lv_nmos                    
-------------------------------------------|-------------------------------------------
1                                          |1                                          
2                                          |2                                          
3                                          |3                                          
4                                          |4                                          
---------------------------------------------------------------------------------------
Cell pin lists are equivalent.
Device classes sg13_lv_nmos and sg13_lv_nmos are equivalent.

Subcircuit summary:
Circuit 1: sg13cmos5l_antennanp            |Circuit 2: sg13cmos5l_antennanp            
-------------------------------------------|-------------------------------------------
dpantenna (1)                              |dpantenna (1)                              
dantenna (1)                               |dantenna (1)                               
Number of devices: 2                       |Number of devices: 2                       
Number of nets: 3                          |Number of nets: 3                          
---------------------------------------------------------------------------------------
Netlists match uniquely.

Subcircuit pins:
Circuit 1: sg13cmos5l_antennanp            |Circuit 2: sg13cmos5l_antennanp            
-------------------------------------------|-------------------------------------------
VSS                                        |VSS                                        
VDD                                        |VDD                                        
A                                          |A                                          
---------------------------------------------------------------------------------------
Cell pin lists are equivalent.
Device classes sg13cmos5l_antennanp and sg13cmos5l_antennanp are equivalent.
Flattening unmatched subcell sg13_hv_pmos_XRP95E in circuit sw_lvl_shift (0)(1 instance)
Flattening unmatched subcell sg13_hv_pmos_2TUKLB in circuit sw_lvl_shift (0)(1 instance)
Flattening unmatched subcell sg13_hv_nmos_CJ33WB in circuit sw_lvl_shift (0)(1 instance)
Flattening unmatched subcell sg13_hv_nmos_HSMMZS in circuit sw_lvl_shift (0)(1 instance)

Class sw_lvl_shift (0):  Merged 4 parallel devices.
Subcircuit summary:
Circuit 1: sw_lvl_shift                    |Circuit 2: sw_lvl_shift                    
-------------------------------------------|-------------------------------------------
sg13_hv_pmos (6->4)                        |sg13_hv_pmos (6->4)                        
sg13_hv_nmos (6->4)                        |sg13_hv_nmos (6->4)                        
Number of devices: 8                       |Number of devices: 8                       
Number of nets: 8                          |Number of nets: 8                          
---------------------------------------------------------------------------------------
Netlists match uniquely.

Subcircuit pins:
Circuit 1: sw_lvl_shift                    |Circuit 2: sw_lvl_shift                    
-------------------------------------------|-------------------------------------------
in_p                                       |in_p                                       
in_n                                       |in_n                                       
out                                        |out                                        
outn                                       |outn                                       
vss                                        |avss **Mismatch**                          
vdd                                        |avdd **Mismatch**                          
---------------------------------------------------------------------------------------
Cell pin lists for sw_lvl_shift and sw_lvl_shift altered to match.
Device classes sw_lvl_shift and sw_lvl_shift are equivalent.

Subcircuit summary:
Circuit 1: sg13cmos5l_decap_4              |Circuit 2: sg13cmos5l_decap_4              
-------------------------------------------|-------------------------------------------
sg13_lv_pmos (1)                           |sg13_lv_pmos (1)                           
sg13_lv_nmos (1)                           |sg13_lv_nmos (1)                           
Number of devices: 2                       |Number of devices: 2                       
Number of nets: 2                          |Number of nets: 2                          
---------------------------------------------------------------------------------------
Netlists match uniquely.

Subcircuit pins:
Circuit 1: sg13cmos5l_decap_4              |Circuit 2: sg13cmos5l_decap_4              
-------------------------------------------|-------------------------------------------
VSS                                        |VSS                                        
VDD                                        |VDD                                        
---------------------------------------------------------------------------------------
Cell pin lists are equivalent.
Device classes sg13cmos5l_decap_4 and sg13cmos5l_decap_4 are equivalent.

Class sg13cmos5l_inv_4 (0):  Merged 6 parallel devices.
Subcircuit summary:
Circuit 1: sg13cmos5l_inv_4                |Circuit 2: sg13cmos5l_inv_4                
-------------------------------------------|-------------------------------------------
sg13_lv_nmos (4->1)                        |sg13_lv_nmos (1)                           
sg13_lv_pmos (4->1)                        |sg13_lv_pmos (1)                           
Number of devices: 2                       |Number of devices: 2                       
Number of nets: 4                          |Number of nets: 4                          
---------------------------------------------------------------------------------------
Netlists match uniquely.

Subcircuit pins:
Circuit 1: sg13cmos5l_inv_4                |Circuit 2: sg13cmos5l_inv_4                
-------------------------------------------|-------------------------------------------
Y                                          |Y                                          
A                                          |A                                          
VDD                                        |VDD                                        
VSS                                        |VSS                                        
---------------------------------------------------------------------------------------
Cell pin lists are equivalent.
Device classes sg13cmos5l_inv_4 and sg13cmos5l_inv_4 are equivalent.
Flattening unmatched subcell sg13_hv_pmos_HVFXC8 in circuit analog_pswitch_small (0)(1 instance)

Class analog_pswitch_small (0):  Merged 4 parallel devices.
Class analog_pswitch_small (1):  Merged 1 parallel devices.
Subcircuit summary:
Circuit 1: analog_pswitch_small            |Circuit 2: analog_pswitch_small            
-------------------------------------------|-------------------------------------------
sg13cmos5l_antennanp (1)                   |sg13cmos5l_antennanp (1)                   
sg13_hv_pmos (4->1)                        |sg13_hv_pmos (4->1)                        
sw_lvl_shift (1)                           |sw_lvl_shift (1)                           
sg13cmos5l_decap_4 (2->1)                  |sg13cmos5l_decap_4 (2->1)                  
sg13cmos5l_inv_4 (2)                       |sg13cmos5l_inv_4 (2)                       
Number of devices: 6                       |Number of devices: 6                       
Number of nets: 11                         |Number of nets: 11                         
---------------------------------------------------------------------------------------
Resolving symmetries by property value.
Resolving symmetries by pin name.
Netlists match uniquely.

Subcircuit pins:
Circuit 1: analog_pswitch_small            |Circuit 2: analog_pswitch_small            
-------------------------------------------|-------------------------------------------
in                                         |in                                         
out                                        |out                                        
avss                                       |avss                                       
dvdd                                       |dvdd                                       
dvss                                       |dvss                                       
avdd                                       |avdd                                       
enable                                     |enable                                     
---------------------------------------------------------------------------------------
Cell pin lists are equivalent.
Device classes analog_pswitch_small and analog_pswitch_small are equivalent.

Final result: Circuits match uniquely.
.
