
Circuit 1 cell sg13_hv_nmos and Circuit 2 cell sg13_hv_nmos are black boxes.
Warning: Equate pins:  cell sg13_hv_nmos is a placeholder, treated as a black box.
Warning: Equate pins:  cell sg13_hv_nmos is a placeholder, treated as a black box.

Subcircuit pins:
Circuit 1: sg13_hv_nmos                    |Circuit 2: sg13_hv_nmos                    
-------------------------------------------|-------------------------------------------
1                                          |1                                          
2                                          |2                                          
3                                          |3                                          
4                                          |4                                          
---------------------------------------------------------------------------------------
Cell pin lists are equivalent.
Device classes sg13_hv_nmos and sg13_hv_nmos are equivalent.

Circuit 1 cell sg13_hv_pmos and Circuit 2 cell sg13_hv_pmos are black boxes.
Warning: Equate pins:  cell sg13_hv_pmos is a placeholder, treated as a black box.
Warning: Equate pins:  cell sg13_hv_pmos is a placeholder, treated as a black box.

Subcircuit pins:
Circuit 1: sg13_hv_pmos                    |Circuit 2: sg13_hv_pmos                    
-------------------------------------------|-------------------------------------------
1                                          |1                                          
2                                          |2                                          
3                                          |3                                          
4                                          |4                                          
---------------------------------------------------------------------------------------
Cell pin lists are equivalent.
Device classes sg13_hv_pmos and sg13_hv_pmos are equivalent.

Circuit 1 cell sg13_lv_pmos and Circuit 2 cell sg13_lv_pmos are black boxes.
Warning: Equate pins:  cell sg13_lv_pmos is a placeholder, treated as a black box.
Warning: Equate pins:  cell sg13_lv_pmos is a placeholder, treated as a black box.

Subcircuit pins:
Circuit 1: sg13_lv_pmos                    |Circuit 2: sg13_lv_pmos                    
-------------------------------------------|-------------------------------------------
1                                          |1                                          
2                                          |2                                          
3                                          |3                                          
4                                          |4                                          
---------------------------------------------------------------------------------------
Cell pin lists are equivalent.
Device classes sg13_lv_pmos and sg13_lv_pmos are equivalent.

Circuit 1 cell sg13_lv_nmos and Circuit 2 cell sg13_lv_nmos are black boxes.
Warning: Equate pins:  cell sg13_lv_nmos is a placeholder, treated as a black box.
Warning: Equate pins:  cell sg13_lv_nmos is a placeholder, treated as a black box.

Subcircuit pins:
Circuit 1: sg13_lv_nmos                    |Circuit 2: sg13_lv_nmos                    
-------------------------------------------|-------------------------------------------
1                                          |1                                          
2                                          |2                                          
3                                          |3                                          
4                                          |4                                          
---------------------------------------------------------------------------------------
Cell pin lists are equivalent.
Device classes sg13_lv_nmos and sg13_lv_nmos are equivalent.

Cell sg13cmos5l_antennanp (1) disconnected node: A
Cell sg13cmos5l_antennanp (1) disconnected node: VDD
Cell sg13cmos5l_antennanp (1) disconnected node: VSS

Subcircuit pins:
Circuit 1: sg13cmos5l_antennanp            |Circuit 2: sg13cmos5l_antennanp            
-------------------------------------------|-------------------------------------------
A                                          |A                                          
VDD                                        |VDD                                        
VSS                                        |VSS                                        
---------------------------------------------------------------------------------------
Cell pin lists are equivalent.
Device classes sg13cmos5l_antennanp and sg13cmos5l_antennanp are equivalent.
Flattening unmatched subcell sg13_hv_nmos_VCL2HP in circuit gate_drive_med (0)(1 instance)
Flattening unmatched subcell sg13_hv_pmos_G9ZGU3 in circuit gate_drive_med (0)(1 instance)
Flattening unmatched subcell sg13_hv_pmos_2TUKLB in circuit gate_drive_med (0)(1 instance)
Flattening unmatched subcell sg13_hv_nmos_CJ33WB in circuit gate_drive_med (0)(1 instance)

Class gate_drive_med (0):  Merged 72 parallel devices.
Subcircuit summary:
Circuit 1: gate_drive_med                  |Circuit 2: gate_drive_med                  
-------------------------------------------|-------------------------------------------
sg13_hv_nmos (42->6)                       |sg13_hv_nmos (42->6)                       
sg13_hv_pmos (42->6)                       |sg13_hv_pmos (42->6)                       
Number of devices: 12                      |Number of devices: 12                      
Number of nets: 10                         |Number of nets: 10                         
---------------------------------------------------------------------------------------
Netlists match uniquely.

Subcircuit pins:
Circuit 1: gate_drive_med                  |Circuit 2: gate_drive_med                  
-------------------------------------------|-------------------------------------------
in_p                                       |in_p                                       
in_n                                       |in_n                                       
out                                        |out                                        
outn                                       |outn                                       
vss                                        |vss                                        
vdd                                        |vdd                                        
---------------------------------------------------------------------------------------
Cell pin lists are equivalent.
Device classes gate_drive_med and gate_drive_med are equivalent.

Subcircuit summary:
Circuit 1: sg13cmos5l_decap_4              |Circuit 2: sg13cmos5l_decap_4              
-------------------------------------------|-------------------------------------------
sg13_lv_pmos (1)                           |sg13_lv_pmos (1)                           
sg13_lv_nmos (1)                           |sg13_lv_nmos (1)                           
Number of devices: 2                       |Number of devices: 2                       
Number of nets: 2                          |Number of nets: 2                          
---------------------------------------------------------------------------------------
Netlists match uniquely.

Subcircuit pins:
Circuit 1: sg13cmos5l_decap_4              |Circuit 2: sg13cmos5l_decap_4              
-------------------------------------------|-------------------------------------------
VSS                                        |VSS                                        
VDD                                        |VDD                                        
---------------------------------------------------------------------------------------
Cell pin lists are equivalent.
Device classes sg13cmos5l_decap_4 and sg13cmos5l_decap_4 are equivalent.

Class sg13cmos5l_inv_4 (0):  Merged 6 parallel devices.
Subcircuit summary:
Circuit 1: sg13cmos5l_inv_4                |Circuit 2: sg13cmos5l_inv_4                
-------------------------------------------|-------------------------------------------
sg13_lv_nmos (4->1)                        |sg13_lv_nmos (1)                           
sg13_lv_pmos (4->1)                        |sg13_lv_pmos (1)                           
Number of devices: 2                       |Number of devices: 2                       
Number of nets: 4                          |Number of nets: 4                          
---------------------------------------------------------------------------------------
Netlists match uniquely.

Subcircuit pins:
Circuit 1: sg13cmos5l_inv_4                |Circuit 2: sg13cmos5l_inv_4                
-------------------------------------------|-------------------------------------------
Y                                          |Y                                          
A                                          |A                                          
VDD                                        |VDD                                        
VSS                                        |VSS                                        
---------------------------------------------------------------------------------------
Cell pin lists are equivalent.
Device classes sg13cmos5l_inv_4 and sg13cmos5l_inv_4 are equivalent.
Flattening unmatched subcell sg13_hv_pmos_3CJ4LL in circuit analog_switch_med (0)(1 instance)
Flattening unmatched subcell sg13_hv_nmos_9DTRBE in circuit analog_switch_med (0)(1 instance)

Class analog_switch_med (0):  Merged 79 parallel devices.
Class analog_switch_med (1):  Merged 1 parallel devices.
Subcircuit summary:
Circuit 1: analog_switch_med               |Circuit 2: analog_switch_med               
-------------------------------------------|-------------------------------------------
sg13cmos5l_antennanp (1)                   |sg13cmos5l_antennanp (1)                   
sg13_hv_pmos (40->1)                       |sg13_hv_pmos (40->1)                       
gate_drive_med (1)                         |gate_drive_med (1)                         
sg13_hv_nmos (40->1)                       |sg13_hv_nmos (40->1)                       
sg13cmos5l_decap_4 (2->1)                  |sg13cmos5l_decap_4 (2->1)                  
sg13cmos5l_inv_4 (2)                       |sg13cmos5l_inv_4 (2)                       
Number of devices: 7                       |Number of devices: 7                       
Number of nets: 11                         |Number of nets: 11                         
---------------------------------------------------------------------------------------
Resolving symmetries by property value.
Resolving symmetries by pin name.
Netlists match uniquely.

Subcircuit pins:
Circuit 1: analog_switch_med               |Circuit 2: analog_switch_med               
-------------------------------------------|-------------------------------------------
dvdd                                       |dvdd                                       
dvss                                       |dvss                                       
in                                         |in                                         
out                                        |out                                        
avss                                       |avss                                       
avdd                                       |avdd                                       
enable                                     |enable                                     
---------------------------------------------------------------------------------------
Cell pin lists are equivalent.
Device classes analog_switch_med and analog_switch_med are equivalent.

Final result: Circuits match uniquely.
.
