Netgen 1.5.314 compiled on Mon Jul  6 10:20:11 EDT 2026
Warning: netgen command 'format' use fully-qualified name '::netgen::format'
Warning: netgen command 'global' use fully-qualified name '::netgen::global'
Call to undefined subcircuit sg13_lv_pmos
Creating placeholder cell definition.
Call to undefined subcircuit sg13_lv_nmos
Creating placeholder cell definition.
Call to undefined subcircuit dpantenna
Creating placeholder cell definition.
Call to undefined subcircuit dantenna
Creating placeholder cell definition.
Call to undefined subcircuit sg13_lv_nmos
Creating placeholder cell definition.
Call to undefined subcircuit sg13_lv_pmos
Creating placeholder cell definition.
Call to undefined subcircuit dantenna
Creating placeholder cell definition.
Call to undefined subcircuit dpantenna
Creating placeholder cell definition.
Call to undefined subcircuit gate_drive_1v2
Creating placeholder cell definition.

Reading setup file /home/tim/gits/ihp-sg13cmos5l/libs.tech/netgen/ihp-sg13cmos5l_setup.tcl

Model sg13_lv_nmos pin 1 == 3
No property ng found for device sg13_lv_nmos
No property trise found for device sg13_lv_nmos
No property z1 found for device sg13_lv_nmos
No property z2 found for device sg13_lv_nmos
No property wmin found for device sg13_lv_nmos
No property rfmode found for device sg13_lv_nmos
No property mm_ok found for device sg13_lv_nmos
No property pre_layout found for device sg13_lv_nmos
Model sg13_lv_nmos pin 1 == 3
No property trise found for device sg13_lv_nmos
No property z1 found for device sg13_lv_nmos
No property z2 found for device sg13_lv_nmos
No property wmin found for device sg13_lv_nmos
No property rfmode found for device sg13_lv_nmos
No property pre_layout found for device sg13_lv_nmos
Model sg13_lv_pmos pin 1 == 3
No property ng found for device sg13_lv_pmos
No property trise found for device sg13_lv_pmos
No property z1 found for device sg13_lv_pmos
No property z2 found for device sg13_lv_pmos
No property wmin found for device sg13_lv_pmos
No property rfmode found for device sg13_lv_pmos
No property mm_ok found for device sg13_lv_pmos
No property pre_layout found for device sg13_lv_pmos
Model sg13_lv_pmos pin 1 == 3
No property trise found for device sg13_lv_pmos
No property z1 found for device sg13_lv_pmos
No property z2 found for device sg13_lv_pmos
No property wmin found for device sg13_lv_pmos
No property rfmode found for device sg13_lv_pmos
No property pre_layout found for device sg13_lv_pmos
No property DEV_A found for device dantenna
No property DEV_P found for device dantenna
No property DEV_C found for device dantenna
No property DEV_A found for device dantenna
No property DEV_P found for device dantenna
No property DEV_C found for device dantenna
No property DEV_A found for device dpantenna
No property DEV_P found for device dpantenna
No property DEV_C found for device dpantenna
No property DEV_A found for device dpantenna
No property DEV_P found for device dpantenna
No property DEV_C found for device dpantenna
Comparison output logged to file power_stage1v2_comp.out
Logging to file "power_stage1v2_comp.out" enabled
Circuit sg13_lv_nmos contains no devices.
Circuit sg13_lv_pmos contains no devices.
Circuit dpantenna contains no devices.
Circuit dantenna contains no devices.

Contents of circuit 1:  Circuit: 'sg13cmos5l_inv_2'
Circuit sg13cmos5l_inv_2 contains 4 device instances.
  Class: sg13_lv_pmos          instances:   2
  Class: sg13_lv_nmos          instances:   2
Circuit contains 4 nets.
Contents of circuit 2:  Circuit: 'sg13cmos5l_inv_2'
Circuit sg13cmos5l_inv_2 contains 2 device instances.
  Class: sg13_lv_pmos          instances:   1
  Class: sg13_lv_nmos          instances:   1
Circuit contains 4 nets.

Circuit was modified by parallel/series device merging.
New circuit summary:

Contents of circuit 1:  Circuit: 'sg13cmos5l_inv_2'
Circuit sg13cmos5l_inv_2 contains 2 device instances.
  Class: sg13_lv_pmos          instances:   1
  Class: sg13_lv_nmos          instances:   1
Circuit contains 4 nets.
Contents of circuit 2:  Circuit: 'sg13cmos5l_inv_2'
Circuit sg13cmos5l_inv_2 contains 2 device instances.
  Class: sg13_lv_pmos          instances:   1
  Class: sg13_lv_nmos          instances:   1
Circuit contains 4 nets.

Circuit 1 contains 2 devices, Circuit 2 contains 2 devices.
Circuit 1 contains 4 nets,    Circuit 2 contains 4 nets.


Contents of circuit 1:  Circuit: 'sg13cmos5l_antennanp'
Circuit sg13cmos5l_antennanp contains 2 device instances.
  Class: dantenna              instances:   1
  Class: dpantenna             instances:   1
Circuit contains 3 nets.
Contents of circuit 2:  Circuit: 'sg13cmos5l_antennanp'
Circuit sg13cmos5l_antennanp contains 2 device instances.
  Class: dantenna              instances:   1
  Class: dpantenna             instances:   1
Circuit contains 3 nets.

Circuit 1 contains 2 devices, Circuit 2 contains 2 devices.
Circuit 1 contains 3 nets,    Circuit 2 contains 3 nets.


Contents of circuit 1:  Circuit: 'sg13cmos5l_inv_16'
Circuit sg13cmos5l_inv_16 contains 32 device instances.
  Class: sg13_lv_pmos          instances:  16
  Class: sg13_lv_nmos          instances:  16
Circuit contains 4 nets.
Contents of circuit 2:  Circuit: 'sg13cmos5l_inv_16'
Circuit sg13cmos5l_inv_16 contains 2 device instances.
  Class: sg13_lv_pmos          instances:   1
  Class: sg13_lv_nmos          instances:   1
Circuit contains 4 nets.

Circuit was modified by parallel/series device merging.
New circuit summary:

Contents of circuit 1:  Circuit: 'sg13cmos5l_inv_16'
Circuit sg13cmos5l_inv_16 contains 2 device instances.
  Class: sg13_lv_pmos          instances:   1
  Class: sg13_lv_nmos          instances:   1
Circuit contains 4 nets.
Contents of circuit 2:  Circuit: 'sg13cmos5l_inv_16'
Circuit sg13cmos5l_inv_16 contains 2 device instances.
  Class: sg13_lv_pmos          instances:   1
  Class: sg13_lv_nmos          instances:   1
Circuit contains 4 nets.

Circuit 1 contains 2 devices, Circuit 2 contains 2 devices.
Circuit 1 contains 4 nets,    Circuit 2 contains 4 nets.


Contents of circuit 1:  Circuit: 'sg13cmos5l_inv_1'
Circuit sg13cmos5l_inv_1 contains 2 device instances.
  Class: sg13_lv_pmos          instances:   1
  Class: sg13_lv_nmos          instances:   1
Circuit contains 4 nets.
Contents of circuit 2:  Circuit: 'sg13cmos5l_inv_1'
Circuit sg13cmos5l_inv_1 contains 2 device instances.
  Class: sg13_lv_pmos          instances:   1
  Class: sg13_lv_nmos          instances:   1
Circuit contains 4 nets.

Circuit 1 contains 2 devices, Circuit 2 contains 2 devices.
Circuit 1 contains 4 nets,    Circuit 2 contains 4 nets.


Contents of circuit 1:  Circuit: 'sg13cmos5l_decap_4'
Circuit sg13cmos5l_decap_4 contains 2 device instances.
  Class: sg13_lv_pmos          instances:   1
  Class: sg13_lv_nmos          instances:   1
Circuit contains 2 nets.
Contents of circuit 2:  Circuit: 'sg13cmos5l_decap_4'
Circuit sg13cmos5l_decap_4 contains 2 device instances.
  Class: sg13_lv_pmos          instances:   1
  Class: sg13_lv_nmos          instances:   1
Circuit contains 2 nets.

Circuit 1 contains 2 devices, Circuit 2 contains 2 devices.
Circuit 1 contains 2 nets,    Circuit 2 contains 2 nets.


Contents of circuit 1:  Circuit: 'sg13cmos5l_inv_8'
Circuit sg13cmos5l_inv_8 contains 16 device instances.
  Class: sg13_lv_pmos          instances:   8
  Class: sg13_lv_nmos          instances:   8
Circuit contains 4 nets.
Contents of circuit 2:  Circuit: 'sg13cmos5l_inv_8'
Circuit sg13cmos5l_inv_8 contains 2 device instances.
  Class: sg13_lv_pmos          instances:   1
  Class: sg13_lv_nmos          instances:   1
Circuit contains 4 nets.

Circuit was modified by parallel/series device merging.
New circuit summary:

Contents of circuit 1:  Circuit: 'sg13cmos5l_inv_8'
Circuit sg13cmos5l_inv_8 contains 2 device instances.
  Class: sg13_lv_pmos          instances:   1
  Class: sg13_lv_nmos          instances:   1
Circuit contains 4 nets.
Contents of circuit 2:  Circuit: 'sg13cmos5l_inv_8'
Circuit sg13cmos5l_inv_8 contains 2 device instances.
  Class: sg13_lv_pmos          instances:   1
  Class: sg13_lv_nmos          instances:   1
Circuit contains 4 nets.

Circuit 1 contains 2 devices, Circuit 2 contains 2 devices.
Circuit 1 contains 4 nets,    Circuit 2 contains 4 nets.


Contents of circuit 1:  Circuit: 'gate_drive_1v2'
Circuit gate_drive_1v2 contains 79 device instances.
  Class: sg13cmos5l_inv_8      instances:   1
  Class: sg13cmos5l_inv_2      instances:   1
  Class: sg13cmos5l_antennanp  instances:   1
  Class: sg13_lv_pmos          instances:  36
  Class: sg13cmos5l_decap_4    instances:   2
  Class: sg13_lv_nmos          instances:  36
  Class: sg13cmos5l_inv_1      instances:   1
  Class: sg13cmos5l_inv_16     instances:   1
Circuit contains 8 nets.
Contents of circuit 2:  Circuit: 'gate_drive_1v2'
Circuit gate_drive_1v2 contains 9 device instances.
  Class: sg13cmos5l_inv_8      instances:   1
  Class: sg13cmos5l_inv_2      instances:   1
  Class: sg13cmos5l_antennanp  instances:   1
  Class: sg13_lv_pmos          instances:   1
  Class: sg13cmos5l_decap_4    instances:   2
  Class: sg13_lv_nmos          instances:   1
  Class: sg13cmos5l_inv_1      instances:   1
  Class: sg13cmos5l_inv_16     instances:   1
Circuit contains 8 nets.

Circuit was modified by parallel/series device merging.
New circuit summary:

Contents of circuit 1:  Circuit: 'gate_drive_1v2'
Circuit gate_drive_1v2 contains 8 device instances.
  Class: sg13cmos5l_inv_8      instances:   1
  Class: sg13cmos5l_inv_2      instances:   1
  Class: sg13cmos5l_antennanp  instances:   1
  Class: sg13_lv_pmos          instances:   1
  Class: sg13cmos5l_decap_4    instances:   1
  Class: sg13_lv_nmos          instances:   1
  Class: sg13cmos5l_inv_1      instances:   1
  Class: sg13cmos5l_inv_16     instances:   1
Circuit contains 8 nets.
Contents of circuit 2:  Circuit: 'gate_drive_1v2'
Circuit gate_drive_1v2 contains 8 device instances.
  Class: sg13cmos5l_inv_8      instances:   1
  Class: sg13cmos5l_inv_2      instances:   1
  Class: sg13cmos5l_antennanp  instances:   1
  Class: sg13_lv_pmos          instances:   1
  Class: sg13cmos5l_decap_4    instances:   1
  Class: sg13_lv_nmos          instances:   1
  Class: sg13cmos5l_inv_1      instances:   1
  Class: sg13cmos5l_inv_16     instances:   1
Circuit contains 8 nets.

Circuit 1 contains 8 devices, Circuit 2 contains 8 devices.
Circuit 1 contains 8 nets,    Circuit 2 contains 8 nets.


Contents of circuit 1:  Circuit: 'power_stage1v2'
Circuit power_stage1v2 contains 501 device instances.
  Class: gate_drive_1v2        instances:   1
  Class: sg13_lv_pmos          instances: 500
Circuit contains 5 nets.
Contents of circuit 2:  Circuit: 'power_stage1v2'
Circuit power_stage1v2 contains 2 device instances.
  Class: gate_drive_1v2        instances:   1
  Class: sg13_lv_pmos          instances:   1
Circuit contains 5 nets.

Circuit was modified by parallel/series device merging.
New circuit summary:

Contents of circuit 1:  Circuit: 'power_stage1v2'
Circuit power_stage1v2 contains 2 device instances.
  Class: gate_drive_1v2        instances:   1
  Class: sg13_lv_pmos          instances:   1
Circuit contains 5 nets.
Contents of circuit 2:  Circuit: 'power_stage1v2'
Circuit power_stage1v2 contains 2 device instances.
  Class: gate_drive_1v2        instances:   1
  Class: sg13_lv_pmos          instances:   1
Circuit contains 5 nets.

Circuit 1 contains 2 devices, Circuit 2 contains 2 devices.
Circuit 1 contains 5 nets,    Circuit 2 contains 5 nets.


Final result: 
Circuits match uniquely.
.
Logging to file "power_stage1v2_comp.out" disabled
LVS Done.
