
Circuit 1 cell sg13_lv_nmos and Circuit 2 cell sg13_lv_nmos are black boxes.
Warning: Equate pins:  cell sg13_lv_nmos is a placeholder, treated as a black box.
Warning: Equate pins:  cell sg13_lv_nmos is a placeholder, treated as a black box.

Subcircuit pins:
Circuit 1: sg13_lv_nmos                    |Circuit 2: sg13_lv_nmos                    
-------------------------------------------|-------------------------------------------
1                                          |1                                          
2                                          |2                                          
3                                          |3                                          
4                                          |4                                          
---------------------------------------------------------------------------------------
Cell pin lists are equivalent.
Device classes sg13_lv_nmos and sg13_lv_nmos are equivalent.

Circuit 1 cell sg13_lv_pmos and Circuit 2 cell sg13_lv_pmos are black boxes.
Warning: Equate pins:  cell sg13_lv_pmos is a placeholder, treated as a black box.
Warning: Equate pins:  cell sg13_lv_pmos is a placeholder, treated as a black box.

Subcircuit pins:
Circuit 1: sg13_lv_pmos                    |Circuit 2: sg13_lv_pmos                    
-------------------------------------------|-------------------------------------------
1                                          |1                                          
2                                          |2                                          
3                                          |3                                          
4                                          |4                                          
---------------------------------------------------------------------------------------
Cell pin lists are equivalent.
Device classes sg13_lv_pmos and sg13_lv_pmos are equivalent.

Circuit 1 cell dpantenna and Circuit 2 cell dpantenna are black boxes.
Warning: Equate pins:  cell dpantenna is a placeholder, treated as a black box.
Warning: Equate pins:  cell dpantenna is a placeholder, treated as a black box.

Subcircuit pins:
Circuit 1: dpantenna                       |Circuit 2: dpantenna                       
-------------------------------------------|-------------------------------------------
1                                          |1                                          
2                                          |2                                          
---------------------------------------------------------------------------------------
Cell pin lists are equivalent.
Device classes dpantenna and dpantenna are equivalent.

Circuit 1 cell dantenna and Circuit 2 cell dantenna are black boxes.
Warning: Equate pins:  cell dantenna is a placeholder, treated as a black box.
Warning: Equate pins:  cell dantenna is a placeholder, treated as a black box.

Subcircuit pins:
Circuit 1: dantenna                        |Circuit 2: dantenna                        
-------------------------------------------|-------------------------------------------
1                                          |1                                          
2                                          |2                                          
---------------------------------------------------------------------------------------
Cell pin lists are equivalent.
Device classes dantenna and dantenna are equivalent.

Class sg13cmos5l_inv_2 (0):  Merged 2 parallel devices.
Subcircuit summary:
Circuit 1: sg13cmos5l_inv_2                |Circuit 2: sg13cmos5l_inv_2                
-------------------------------------------|-------------------------------------------
sg13_lv_nmos (2->1)                        |sg13_lv_nmos (1)                           
sg13_lv_pmos (2->1)                        |sg13_lv_pmos (1)                           
Number of devices: 2                       |Number of devices: 2                       
Number of nets: 4                          |Number of nets: 4                          
---------------------------------------------------------------------------------------
Netlists match uniquely.

Subcircuit pins:
Circuit 1: sg13cmos5l_inv_2                |Circuit 2: sg13cmos5l_inv_2                
-------------------------------------------|-------------------------------------------
Y                                          |Y                                          
A                                          |A                                          
VSS                                        |VSS                                        
VDD                                        |VDD                                        
---------------------------------------------------------------------------------------
Cell pin lists are equivalent.
Device classes sg13cmos5l_inv_2 and sg13cmos5l_inv_2 are equivalent.

Subcircuit summary:
Circuit 1: sg13cmos5l_antennanp            |Circuit 2: sg13cmos5l_antennanp            
-------------------------------------------|-------------------------------------------
dpantenna (1)                              |dpantenna (1)                              
dantenna (1)                               |dantenna (1)                               
Number of devices: 2                       |Number of devices: 2                       
Number of nets: 3                          |Number of nets: 3                          
---------------------------------------------------------------------------------------
Netlists match uniquely.

Subcircuit pins:
Circuit 1: sg13cmos5l_antennanp            |Circuit 2: sg13cmos5l_antennanp            
-------------------------------------------|-------------------------------------------
VSS                                        |VSS                                        
VDD                                        |VDD                                        
A                                          |A                                          
---------------------------------------------------------------------------------------
Cell pin lists are equivalent.
Device classes sg13cmos5l_antennanp and sg13cmos5l_antennanp are equivalent.

Class sg13cmos5l_inv_16 (0):  Merged 30 parallel devices.
Subcircuit summary:
Circuit 1: sg13cmos5l_inv_16               |Circuit 2: sg13cmos5l_inv_16               
-------------------------------------------|-------------------------------------------
sg13_lv_pmos (16->1)                       |sg13_lv_pmos (1)                           
sg13_lv_nmos (16->1)                       |sg13_lv_nmos (1)                           
Number of devices: 2                       |Number of devices: 2                       
Number of nets: 4                          |Number of nets: 4                          
---------------------------------------------------------------------------------------
Netlists match uniquely.

Subcircuit pins:
Circuit 1: sg13cmos5l_inv_16               |Circuit 2: sg13cmos5l_inv_16               
-------------------------------------------|-------------------------------------------
Y                                          |Y                                          
A                                          |A                                          
VSS                                        |VSS                                        
VDD                                        |VDD                                        
---------------------------------------------------------------------------------------
Cell pin lists are equivalent.
Device classes sg13cmos5l_inv_16 and sg13cmos5l_inv_16 are equivalent.

Subcircuit summary:
Circuit 1: sg13cmos5l_inv_1                |Circuit 2: sg13cmos5l_inv_1                
-------------------------------------------|-------------------------------------------
sg13_lv_nmos (1)                           |sg13_lv_nmos (1)                           
sg13_lv_pmos (1)                           |sg13_lv_pmos (1)                           
Number of devices: 2                       |Number of devices: 2                       
Number of nets: 4                          |Number of nets: 4                          
---------------------------------------------------------------------------------------
Netlists match uniquely.

Subcircuit pins:
Circuit 1: sg13cmos5l_inv_1                |Circuit 2: sg13cmos5l_inv_1                
-------------------------------------------|-------------------------------------------
Y                                          |Y                                          
A                                          |A                                          
VSS                                        |VSS                                        
VDD                                        |VDD                                        
---------------------------------------------------------------------------------------
Cell pin lists are equivalent.
Device classes sg13cmos5l_inv_1 and sg13cmos5l_inv_1 are equivalent.

Subcircuit summary:
Circuit 1: sg13cmos5l_decap_4              |Circuit 2: sg13cmos5l_decap_4              
-------------------------------------------|-------------------------------------------
sg13_lv_pmos (1)                           |sg13_lv_pmos (1)                           
sg13_lv_nmos (1)                           |sg13_lv_nmos (1)                           
Number of devices: 2                       |Number of devices: 2                       
Number of nets: 2                          |Number of nets: 2                          
---------------------------------------------------------------------------------------
Netlists match uniquely.

Subcircuit pins:
Circuit 1: sg13cmos5l_decap_4              |Circuit 2: sg13cmos5l_decap_4              
-------------------------------------------|-------------------------------------------
VSS                                        |VSS                                        
VDD                                        |VDD                                        
---------------------------------------------------------------------------------------
Cell pin lists are equivalent.
Device classes sg13cmos5l_decap_4 and sg13cmos5l_decap_4 are equivalent.

Class sg13cmos5l_inv_8 (0):  Merged 14 parallel devices.
Subcircuit summary:
Circuit 1: sg13cmos5l_inv_8                |Circuit 2: sg13cmos5l_inv_8                
-------------------------------------------|-------------------------------------------
sg13_lv_nmos (8->1)                        |sg13_lv_nmos (1)                           
sg13_lv_pmos (8->1)                        |sg13_lv_pmos (1)                           
Number of devices: 2                       |Number of devices: 2                       
Number of nets: 4                          |Number of nets: 4                          
---------------------------------------------------------------------------------------
Netlists match uniquely.

Subcircuit pins:
Circuit 1: sg13cmos5l_inv_8                |Circuit 2: sg13cmos5l_inv_8                
-------------------------------------------|-------------------------------------------
Y                                          |Y                                          
A                                          |A                                          
VSS                                        |VSS                                        
VDD                                        |VDD                                        
---------------------------------------------------------------------------------------
Cell pin lists are equivalent.
Device classes sg13cmos5l_inv_8 and sg13cmos5l_inv_8 are equivalent.

Class gate_drive_1v2 (0):  Merged 71 parallel devices.
Class gate_drive_1v2 (1):  Merged 1 parallel devices.
Subcircuit summary:
Circuit 1: gate_drive_1v2                  |Circuit 2: gate_drive_1v2                  
-------------------------------------------|-------------------------------------------
sg13cmos5l_inv_2 (1)                       |sg13cmos5l_inv_2 (1)                       
sg13cmos5l_antennanp (1)                   |sg13cmos5l_antennanp (1)                   
sg13cmos5l_inv_16 (1)                      |sg13cmos5l_inv_16 (1)                      
sg13cmos5l_inv_1 (1)                       |sg13cmos5l_inv_1 (1)                       
sg13cmos5l_decap_4 (2->1)                  |sg13cmos5l_decap_4 (2->1)                  
sg13cmos5l_inv_8 (1)                       |sg13cmos5l_inv_8 (1)                       
sg13_lv_pmos (36->1)                       |sg13_lv_pmos (1)                           
sg13_lv_nmos (36->1)                       |sg13_lv_nmos (1)                           
Number of devices: 8                       |Number of devices: 8                       
Number of nets: 8                          |Number of nets: 8                          
---------------------------------------------------------------------------------------
Netlists match uniquely.

Subcircuit pins:
Circuit 1: gate_drive_1v2                  |Circuit 2: gate_drive_1v2                  
-------------------------------------------|-------------------------------------------
dvdd                                       |dvdd                                       
dvss                                       |dvss                                       
in                                         |in                                         
out                                        |out                                        
---------------------------------------------------------------------------------------
Cell pin lists are equivalent.
Device classes gate_drive_1v2 and gate_drive_1v2 are equivalent.
Flattening unmatched subcell sg13_lv_pmos_5MXUJM in circuit power_stage1v2 (0)(5 instances)

Class power_stage1v2 (0):  Merged 499 parallel devices.
Subcircuit summary:
Circuit 1: power_stage1v2                  |Circuit 2: power_stage1v2                  
-------------------------------------------|-------------------------------------------
sg13_lv_pmos (500->1)                      |sg13_lv_pmos (500->1)                      
gate_drive_1v2 (1)                         |gate_drive_1v2 (1)                         
Number of devices: 2                       |Number of devices: 2                       
Number of nets: 5                          |Number of nets: 5                          
---------------------------------------------------------------------------------------
Netlists match uniquely.

Subcircuit pins:
Circuit 1: power_stage1v2                  |Circuit 2: power_stage1v2                  
-------------------------------------------|-------------------------------------------
enable                                     |enable                                     
DVSS                                       |DVSS                                       
DVDD_OUT                                   |DVDD_OUT                                   
DVDD_IN                                    |DVDD_IN                                    
---------------------------------------------------------------------------------------
Cell pin lists are equivalent.
Device classes power_stage1v2 and power_stage1v2 are equivalent.

Final result: Circuits match uniquely.
.
